// Jest Snapshot v1, https://goo.gl/fbAQLP

exports[`hello world 1`] = `
"<el-upload file-list=\\"\\" auto-upload=\\"false\\" multiple=\\"\\" drag=\\"\\" action=\\"\\"><i class=\\"el-icon-upload\\"></i>
  <div class=\\"el-upload__text\\"><em>click to upload</em></div>
</el-upload>"
`;
